[2026-03-25T14:52:21.778+0000][444][gc,init] CardTable entry size: 512
[2026-03-25T14:52:21.778+0000][444][gc     ] Using G1
[2026-03-25T14:52:21.786+0000][444][gc,init] Version: 20.0.1+9-29 (release)
[2026-03-25T14:52:21.787+0000][444][gc,init] CPUs: 6 total, 2 available
[2026-03-25T14:52:21.787+0000][444][gc,init] Memory: 9011M
[2026-03-25T14:52:21.787+0000][444][gc,init] Large Page Support: Disabled
[2026-03-25T14:52:21.787+0000][444][gc,init] NUMA Support: Disabled
[2026-03-25T14:52:21.787+0000][444][gc,init] Compressed Oops: Enabled (Zero based)
[2026-03-25T14:52:21.787+0000][444][gc,init] Heap Region Size: 4M
[2026-03-25T14:52:21.787+0000][444][gc,init] Heap Min Capacity: 8G
[2026-03-25T14:52:21.787+0000][444][gc,init] Heap Initial Capacity: 8G
[2026-03-25T14:52:21.787+0000][444][gc,init] Heap Max Capacity: 8G
[2026-03-25T14:52:21.787+0000][444][gc,init] Pre-touch: Disabled
[2026-03-25T14:52:21.788+0000][444][gc,init] Parallel Workers: 2
[2026-03-25T14:52:21.788+0000][444][gc,init] Concurrent Workers: 1
[2026-03-25T14:52:21.788+0000][444][gc,init] Concurrent Refinement Workers: 2
[2026-03-25T14:52:21.788+0000][444][gc,init] Periodic GC: Disabled
[2026-03-25T14:52:21.788+0000][444][gc,metaspace] CDS archive(s) not mapped
[2026-03-25T14:52:21.788+0000][444][gc,metaspace] Compressed class space mapped at: 0x00000007c0000000-0x0000000800000000, reserved size: 1073741824
[2026-03-25T14:52:21.788+0000][444][gc,metaspace] Narrow klass base: 0x0000000000000000, Narrow klass shift: 3, Narrow klass range: 0x800000000
[2026-03-25T14:52:21.817+0000][444][gc,heap,exit] Heap
[2026-03-25T14:52:21.817+0000][444][gc,heap,exit]  garbage-first heap   total 8388608K, used 8192K [0x00000005c0000000, 0x00000007c0000000)
[2026-03-25T14:52:21.817+0000][444][gc,heap,exit]   region size 4096K, 2 young (8192K), 0 survivors (0K)
[2026-03-25T14:52:21.817+0000][444][gc,heap,exit]  Metaspace       used 3876K, committed 3904K, reserved 1114112K
[2026-03-25T14:52:21.817+0000][444][gc,heap,exit]   class space    used 302K, committed 320K, reserved 1048576K
